// Jest Snapshot v1, https://goo.gl/fbAQLP

exports[`connection serialization 1`] = `"YXJyYXljb25uZWN0aW9uOjc="`;
