// Jest Snapshot v1, https://goo.gl/fbAQLP

exports[`media uploadUrl 1`] = `"https://storage.googleapis.com/wonderboymusic/2018/01/31/foo.png"`;
